<html>
<body>
<pre>
<h1>µVision Build Log</h1>
<h2>Tool Versions:</h2>
IDE-Version: µVision V5.22.0.0
Copyright (C) 2016 ARM Ltd and ARM Germany GmbH. All rights reserved.
License Information: J L, Mirari, LIC=----
 
Tool Versions:
Toolchain:       MDK-Lite  Version: 5.22
Toolchain Path:  C:\Keil_v5\ARM\ARMCC\Bin
C Compiler:      Armcc.exe V5.06 update 4 (build 422)
Assembler:       Armasm.exe V5.06 update 4 (build 422)
Linker/Locator:  ArmLink.exe V5.06 update 4 (build 422)
Library Manager: ArmAr.exe V5.06 update 4 (build 422)
Hex Converter:   FromElf.exe V5.06 update 4 (build 422)
CPU DLL:         SARMCM3.DLL V5.22
Dialog DLL:      DCM.DLL V1.13.9.0
    Target DLL: STLink\ST-LINKIII-KEIL.dll
Dialog DLL:      TCM.DLL V1.21.0.0
 
<h2>Project:</h2>
C:\Users\Jason\Documents\Mirari-Pablo-0.0.1\STM32F4-Discovery_FW_V1.1.0\Project\Demonstration\MDK-ARM\STM32F4-Discovery_Demo.uvprojx
Project File Date:  02/25/2017

<h2>Output:</h2>
*** Using Compiler 'V5.06 update 4 (build 422)', folder: 'C:\Keil_v5\ARM\ARMCC\Bin'
Build target 'Demo'
compiling system_stm32f4xx.c...
compiling usbd_usr.c...
compiling usb_bsp.c...
compiling usbd_desc.c...
compiling stm32f4xx_it.c...
compiling main.c...
compiling selftest.c...
compiling stm32f4xx_syscfg.c...
compiling stm32f4_discovery.c...
compiling misc.c...
compiling stm32f4_discovery_lis302dl.c...
compiling stm32f4xx_dac.c...
compiling stm32f4xx_adc.c...
compiling stm32f4_discovery_audio_codec.c...
compiling stm32f4xx_exti.c...
compiling stm32f4xx_gpio.c...
compiling stm32f4xx_flash.c...
compiling stm32f4xx_dma.c...
compiling stm32f4xx_i2c.c...
assembling startup_stm32f4xx.s...
compiling stm32f4xx_spi.c...
compiling stm32f4xx_rcc.c...
compiling usb_dcd.c...
compiling usbd_hid_core.c...
compiling usbd_core.c...
compiling usb_dcd_int.c...
compiling usbd_req.c...
compiling stm32f4xx_tim.c...
compiling usb_core.c...
compiling usbd_ioreq.c...
linking...
Program Size: Code=17704 RO-data=556 RW-data=484 ZI-data=2708  
".\Demo\Demo.axf" - 0 Error(s), 0 Warning(s).

<h2>Software Packages used:</h2>

Package Vendor: ARM
                http://www.keil.com/pack/ARM.CMSIS.5.0.0.pack
                ARM::CMSIS:CORE:5.0.0
                CMSIS (Cortex Microcontroller Software Interface Standard)
   * Component: CORE Version: 5.0.0

<h2>Collection of Component include folders:</h2>
  C:\Users\Jason\Documents\Mirari-Pablo-0.0.1\STM32F4-Discovery_FW_V1.1.0\Project\Demonstration\MDK-ARM\RTE\_Demo
  C:\Keil_v5\ARM\PACK\ARM\CMSIS\5.0.0\CMSIS\Include
  C:\Keil_v5\ARM\PACK\Keil\STM32F4xx_DFP\2.11.0\Drivers\CMSIS\Device\ST\STM32F4xx\Include

<h2>Collection of Component Files used:</h2>

   * Component: ARM::CMSIS:CORE:5.0.0
Build Time Elapsed:  00:00:05
</pre>
</body>
</html>
